Fri Mar 20 14:04:46 CST 2026
top - 14:04:46 up 431 days, 14:43,  2 users,  load average: 9.22, 9.15, 9.06
Tasks: 1921 total,   1 running, 1920 sleeping,   0 stopped,   0 zombie
%Cpu(s):  0.0 us,  0.1 sy,  0.0 ni, 99.9 id,  0.0 wa,  0.0 hi,  0.0 si,  0.0 st
MiB Mem : 1045781.+total, 225054.9 free,  21803.1 used, 798923.2 buff/cache
MiB Swap:  55295.9 total,  37198.9 free,  18097.1 used. 877784.6 avail Mem 

    PID USER      PR  NI    VIRT    RES    SHR S  %CPU  %MEM     TIME+ COMMAND
4103527 songhy2+  20   0  243648  16704   5440 R   8.7   0.0   0:00.06 top
2699431 tangyx2+  20   0 1466304 655680 256192 S   4.3   0.1  38:15.16 python
      1 root      20   0  194176   9920   4864 S   0.0   0.0  53:35.54 systemd
      2 root      20   0       0      0      0 S   0.0   0.0   2:21.45 kthreadd
      3 root       0 -20       0      0      0 I   0.0   0.0   0:00.00 rcu_gp
      4 root       0 -20       0      0      0 I   0.0   0.0   0:00.00 rcu_par_gp
      6 root       0 -20       0      0      0 I   0.0   0.0   0:00.00 kworker/0:0H-events_highpri
      9 root       0 -20       0      0      0 I   0.0   0.0   0:00.00 mm_percpu_wq
     10 root      20   0       0      0      0 S   0.0   0.0 669:26.49 ksoftirqd/0
     11 root      20   0       0      0      0 I   0.0   0.0 442:47.93 rcu_sched
     12 root      20   0       0      0      0 I   0.0   0.0   0:00.00 rcu_bh
     13 root      rt   0       0      0      0 S   0.0   0.0   0:26.48 migration/0
     14 root      20   0       0      0      0 S   0.0   0.0   0:00.00 cpuhp/0
     15 root      20   0       0      0      0 S   0.0   0.0   0:00.00 cpuhp/1
     16 root      rt   0       0      0      0 S   0.0   0.0   0:23.32 migration/1
     17 root      20   0       0      0      0 S   0.0   0.0  21:03.86 ksoftirqd/1
     19 root       0 -20       0      0      0 I   0.0   0.0   0:00.00 kworker/1:0H-events_highpri
     20 root      20   0       0      0      0 S   0.0   0.0   0:00.00 cpuhp/2
     21 root      rt   0       0      0      0 S   0.0   0.0   0:21.04 migration/2
     22 root      20   0       0      0      0 S   0.0   0.0   9:22.13 ksoftirqd/2
     24 root       0 -20       0      0      0 I   0.0   0.0   0:00.00 kworker/2:0H-events_highpri
     25 root      20   0       0      0      0 S   0.0   0.0   0:00.00 cpuhp/3
     26 root      rt   0       0      0      0 S   0.0   0.0   0:21.56 migration/3
     27 root      20   0       0      0      0 S   0.0   0.0   6:21.89 ksoftirqd/3
     29 root       0 -20       0      0      0 I   0.0   0.0   0:00.00 kworker/3:0H-events_highpri
