Fri Mar 20 14:04:45 CST 2026
+------------------------------------------------------------------------------------------------+
| npu-smi 24.1.rc3                 Version: 24.1.rc3                                             |
+---------------------------+---------------+----------------------------------------------------+
| NPU   Name                | Health        | Power(W)    Temp(C)           Hugepages-Usage(page)|
| Chip                      | Bus-Id        | AICore(%)   Memory-Usage(MB)  HBM-Usage(MB)        |
+===========================+===============+====================================================+
| 0     910B3               | OK            | 98.6        36                0    / 0             |
| 0                         | 0000:C1:00.0  | 0           0    / 0          4733 / 65536         |
+===========================+===============+====================================================+
| 1     910B3               | OK            | 90.6        34                0    / 0             |
| 0                         | 0000:C2:00.0  | 0           0    / 0          3394 / 65536         |
+===========================+===============+====================================================+
| 2     910B3               | OK            | 91.4        33                0    / 0             |
| 0                         | 0000:81:00.0  | 0           0    / 0          3395 / 65536         |
+===========================+===============+====================================================+
| 3     910B3               | OK            | 94.1        33                0    / 0             |
| 0                         | 0000:82:00.0  | 0           0    / 0          3395 / 65536         |
+===========================+===============+====================================================+
| 4     910B3               | OK            | 99.3        39                0    / 0             |
| 0                         | 0000:01:00.0  | 0           0    / 0          3393 / 65536         |
+===========================+===============+====================================================+
| 5     910B3               | OK            | 94.9        39                0    / 0             |
| 0                         | 0000:02:00.0  | 0           0    / 0          3396 / 65536         |
+===========================+===============+====================================================+
| 6     910B3               | OK            | 96.8        37                0    / 0             |
| 0                         | 0000:41:00.0  | 0           0    / 0          3395 / 65536         |
+===========================+===============+====================================================+
| 7     910B3               | Warning       | 94.7        39                0    / 0             |
| 0                         | 0000:42:00.0  | 0           0    / 0          3395 / 65536         |
+===========================+===============+====================================================+
+---------------------------+---------------+----------------------------------------------------+
| NPU     Chip              | Process id    | Process name             | Process memory(MB)      |
+===========================+===============+====================================================+
| No running processes found in NPU 0                                                            |
+===========================+===============+====================================================+
| No running processes found in NPU 1                                                            |
+===========================+===============+====================================================+
| No running processes found in NPU 2                                                            |
+===========================+===============+====================================================+
| No running processes found in NPU 3                                                            |
+===========================+===============+====================================================+
| No running processes found in NPU 4                                                            |
+===========================+===============+====================================================+
| No running processes found in NPU 5                                                            |
+===========================+===============+====================================================+
| No running processes found in NPU 6                                                            |
+===========================+===============+====================================================+
| No running processes found in NPU 7                                                            |
+===========================+===============+====================================================+
